// Jest Snapshot v1, https://goo.gl/fbAQLP

exports[`AdvancedColorPicker when uncontrolled should render internal composition to match uncontrolled snapshot 1`] = `
<styled.div>
  <styled.button
    color="#EBAEDE"
    data-element="color-picker-cell"
    onClick={[Function]}
    onKeyDown={[Function]}
    tabIndex="0"
  />
  <Styled(Dialog)
    focusFirstElement={[Function]}
    onCancel={[Function]}
    open={false}
    size="auto"
  >
    <styled.div
      color="#EBAEDE"
      data-element="color-picker-preview"
    />
    <SimpleColorPicker
      legend=""
      name="advancedPicker"
      onBlur={[Function]}
      onChange={[Function]}
      onKeyDown={[Function]}
    >
      <SimpleColor
        aria-label="white"
        checked={false}
        defaultChecked={false}
        id="#FFFFFF"
        key="#FFFFFF"
        onChange={null}
        value="#FFFFFF"
      />
      <SimpleColor
        aria-label="transparent"
        checked={false}
        defaultChecked={false}
        id="transparent"
        key="transparent"
        onChange={null}
        value="transparent"
      />
      <SimpleColor
        aria-label="black"
        checked={false}
        defaultChecked={false}
        id="#000000"
        key="#000000"
        onChange={null}
        value="#000000"
      />
      <SimpleColor
        aria-label="blue"
        checked={false}
        defaultChecked={false}
        id="#A3CAF0"
        key="#A3CAF0"
        onChange={null}
        value="#A3CAF0"
      />
      <SimpleColor
        aria-label="pink"
        checked={false}
        defaultChecked={false}
        id="#FD9BA3"
        key="#FD9BA3"
        onChange={null}
        value="#FD9BA3"
      />
      <SimpleColor
        aria-label="purple"
        checked={false}
        defaultChecked={false}
        id="#B4AEEA"
        key="#B4AEEA"
        onChange={null}
        value="#B4AEEA"
      />
      <SimpleColor
        aria-label="goldenrod"
        checked={false}
        defaultChecked={false}
        id="#ECE6AF"
        key="#ECE6AF"
        onChange={null}
        value="#ECE6AF"
      />
      <SimpleColor
        aria-label="orchid"
        checked={false}
        defaultChecked={true}
        id="#EBAEDE"
        key="#EBAEDE"
        onChange={null}
        value="#EBAEDE"
      />
      <SimpleColor
        aria-label="desert"
        checked={false}
        defaultChecked={false}
        id="#EBC7AE"
        key="#EBC7AE"
        onChange={null}
        value="#EBC7AE"
      />
      <SimpleColor
        aria-label="turquoise"
        checked={false}
        defaultChecked={false}
        id="#AEECEB"
        key="#AEECEB"
        onChange={null}
        value="#AEECEB"
      />
      <SimpleColor
        aria-label="mint"
        checked={false}
        defaultChecked={false}
        id="#AEECD6"
        key="#AEECD6"
        onChange={null}
        value="#AEECD6"
      />
    </SimpleColorPicker>
  </Styled(Dialog)>
</styled.div>
`;
